// Vitest Snapshot v1

exports[`<Counter /> > renders 1 1`] = `
<div>
  <button>
    Clicks: 
    0
  </button>
</div>
`;
